#! /c/Source/iverilog-install/bin/vvp
:ivl_version "12.0 (devel)" "(s20150603-1539-g2693dd32b)";
:ivl_delay_selection "TYPICAL";
:vpi_time_precision + 0;
:vpi_module "C:\iverilog\lib\ivl\system.vpi";
:vpi_module "C:\iverilog\lib\ivl\vhdl_sys.vpi";
:vpi_module "C:\iverilog\lib\ivl\vhdl_textio.vpi";
:vpi_module "C:\iverilog\lib\ivl\v2005_math.vpi";
:vpi_module "C:\iverilog\lib\ivl\va_math.vpi";
S_000001c1c8596810 .scope module, "testbench" "testbench" 2 1;
 .timescale 0 0;
v000001c1c85a5e30_0 .net "clk", 0 0, v000001c1c85a5d90_0;  1 drivers
v000001c1c85a5ed0_0 .net "r1", 3 0, v000001c1c8686ed0_0;  1 drivers
v000001c1c85a5f70_0 .net "r2", 3 0, v000001c1c85969a0_0;  1 drivers
v000001c1c85f3af0_0 .net "w1", 0 0, L_000001c1c85f3eb0;  1 drivers
S_000001c1c868b080 .scope module, "T1" "Test" 2 8, 2 30 0, S_000001c1c8596810;
 .timescale 0 0;
    .port_info 0 /INPUT 1 "clk";
    .port_info 1 /INPUT 1 "out";
    .port_info 2 /OUTPUT 4 "in_1";
    .port_info 3 /OUTPUT 4 "in_2";
v000001c1c868bc70_0 .net "clk", 0 0, v000001c1c85a5d90_0;  alias, 1 drivers
v000001c1c8686ed0_0 .var "in_1", 3 0;
v000001c1c85969a0_0 .var "in_2", 3 0;
v000001c1c868bdb0_0 .net "out", 0 0, L_000001c1c85f3eb0;  alias, 1 drivers
E_000001c1c85a8080 .event posedge, v000001c1c868bc70_0;
S_000001c1c868b210 .scope module, "U1" "DUT" 2 7, 2 13 0, S_000001c1c8596810;
 .timescale 0 0;
    .port_info 0 /INPUT 1 "clk";
    .port_info 1 /INPUT 4 "in_1";
    .port_info 2 /INPUT 4 "in_2";
    .port_info 3 /OUTPUT 1 "out";
L_000001c1c8597300 .functor AND 4, v000001c1c8686ed0_0, v000001c1c85969a0_0, C4<1111>, C4<1111>;
v000001c1c868b3a0_0 .net *"_ivl_0", 3 0, L_000001c1c8597300;  1 drivers
v000001c1c868be50_0 .var "acc", 3 0;
v000001c1c868d630_0 .net "clk", 0 0, v000001c1c85a5d90_0;  alias, 1 drivers
v000001c1c868d6d0_0 .net "in_1", 3 0, v000001c1c8686ed0_0;  alias, 1 drivers
v000001c1c868d770_0 .net "in_2", 3 0, v000001c1c85969a0_0;  alias, 1 drivers
v000001c1c868d810_0 .net "out", 0 0, L_000001c1c85f3eb0;  alias, 1 drivers
L_000001c1c85f3eb0 .reduce/and L_000001c1c8597300;
S_000001c1c868d8b0 .scope module, "clock" "clock_gen" 2 6, 2 47 0, S_000001c1c8596810;
 .timescale 0 0;
    .port_info 0 /OUTPUT 1 "clk";
v000001c1c85a5d90_0 .var "clk", 0 0;
    .scope S_000001c1c868d8b0;
T_0 ;
    %pushi/vec4 0, 0, 1;
    %store/vec4 v000001c1c85a5d90_0, 0, 1;
    %end;
    .thread T_0;
    .scope S_000001c1c868d8b0;
T_1 ;
    %delay 5, 0;
    %load/vec4 v000001c1c85a5d90_0;
    %inv;
    %store/vec4 v000001c1c85a5d90_0, 0, 1;
    %jmp T_1;
    .thread T_1;
    .scope S_000001c1c868b210;
T_2 ;
    %pushi/vec4 0, 0, 4;
    %store/vec4 v000001c1c868be50_0, 0, 4;
    %end;
    .thread T_2;
    .scope S_000001c1c868b210;
T_3 ;
    %wait E_000001c1c85a8080;
    %vpi_call 2 23 "$display", "%t: in222222222%d , acccccccccc%d", $time, v000001c1c868d770_0, v000001c1c868be50_0 {0 0 0};
    %load/vec4 v000001c1c868be50_0;
    %load/vec4 v000001c1c868d770_0;
    %add;
    %assign/vec4 v000001c1c868be50_0, 0;
    %delay 1, 0;
    %vpi_call 2 25 "$display", "%t: in2222222222%d , accccccccccc%d", $time, v000001c1c868d770_0, v000001c1c868be50_0 {0 0 0};
    %jmp T_3;
    .thread T_3;
    .scope S_000001c1c868b080;
T_4 ;
    %pushi/vec4 1, 0, 4;
    %store/vec4 v000001c1c8686ed0_0, 0, 4;
    %pushi/vec4 0, 0, 4;
    %store/vec4 v000001c1c85969a0_0, 0, 4;
    %delay 50, 0;
    %vpi_call 2 36 "$finish" {0 0 0};
    %end;
    .thread T_4;
    .scope S_000001c1c868b080;
T_5 ;
    %wait E_000001c1c85a8080;
    %vpi_call 2 40 "$display", "%t: in222222222%d", $time, v000001c1c85969a0_0 {0 0 0};
    %load/vec4 v000001c1c85969a0_0;
    %addi 1, 0, 4;
    %assign/vec4 v000001c1c85969a0_0, 0;
    %delay 1, 0;
    %vpi_call 2 42 "$display", "%t: in22222222%d", $time, v000001c1c85969a0_0 {0 0 0};
    %jmp T_5;
    .thread T_5;
    .scope S_000001c1c8596810;
T_6 ;
    %vpi_call 2 10 "$monitor", "%t: r1 = %d, r2 = %d, w1 = %d , reg1=%d , reg2 = %d , acc = %d", $time, v000001c1c85a5ed0_0, v000001c1c85a5f70_0, v000001c1c85f3af0_0, v000001c1c8686ed0_0, v000001c1c85969a0_0, v000001c1c868be50_0 {0 0 0};
    %end;
    .thread T_6;
# The file index is used to find the file name in the following table.
:file_names 3;
    "N/A";
    "<interactive>";
    "faaltu.v";
